
 RUN  v4.1.9 D:/soulmon-pr4

[AC1] median/P95: R1 21.8/26.8 · R2 19.7/27.5 · R3 20.9/28.8 · R4 27.6/44.8 · R5 24.3/37.3
[AC2] builds atk 66.4% · def 65.8% · spd 64.0% · balanced 68.6% → spread 4.6% · mean 66.2% · stages 67.0% 70.9% 65.1% 69.9% 58.0%
[AC3] 14 cells: direct/single 65.0% · direct/area 63.3% · dot/single 66.7% · dot/area 62.5% · heal/single 72.3% · heal/area 72.3% · shield/single 69.6% · shield/area 69.6% · atkBuff/single 62.1% · atkBuff/area 62.1% · defDebuff/single 63.8% · defDebuff/area 60.3% · spdBuff/single 68.8% · spdBuff/area 68.8% → spread 12.1%
[AC3 RED] family power = 1: spread 32.9%
[AC3b] combate_fisico 70.0% · longo_alcance 68.5% · conjuracao 71.3% · benca 68.7% · maldicao 63.4% · evocacao 60.7% → spread 10.6%
[AC4] direct: Δwin -1.0pp · Δtime -2.0%
[AC4] dot: Δwin -3.9pp · Δtime 1.5%
[AC4] defDebuff: Δwin -3.3pp · Δtime -4.8%
[AC5] nenhuma 48.4% · media 65.9% · boa 72.0% → 23.6pp
[AC5 RED] old tables: 52.8pp
[AC5 cheer] gap with the cheer at the ceiling on both sides: 2.3pp · strict (boa + teto × nenhuma): 49.3pp
[AC6] boa vs nenhuma: -0.7%
[AC6] torcida no teto: -23.5%
[AC6] combate_fisico: 16.0%
[AC6] longo_alcance: -6.5%
[AC6] conjuracao: -8.0%
[AC6] benca: 10.7%
[AC6] maldicao: -3.9%
[AC6] evocacao: 0.0%
[AC6 RED] hp×2 dmg×0.5: 86.0%

 Test Files  1 passed (1)
      Tests  24 passed (24)
   Start at  07:59:45
   Duration  28.75s (transform 251ms, setup 0ms, import 1.73s, tests 26.80s, environment 0ms)

